// Jest Snapshot v1, https://goo.gl/fbAQLP

exports[`rosbag - high-level api reads correct fields on /tf message 1`] = `
ReadResult {
  "chunkOffset": 0,
  "data": Object {
    "data": Array [
      1,
      0,
      0,
      0,
      0,
      0,
      0,
      0,
      0,
      193,
      57,
      83,
      58,
      124,
      87,
      3,
      5,
      0,
      0,
      0,
      119,
      111,
      114,
      108,
      100,
      7,
      0,
      0,
      0,
      116,
      117,
      114,
      116,
      108,
      101,
      50,
      0,
      0,
      0,
      0,
      0,
      0,
      16,
      64,
      0,
      0,
      0,
      224,
      130,
      45,
      34,
      64,
      0,
      0,
      0,
      0,
      0,
      0,
      0,
      0,
      0,
      0,
      0,
      0,
      0,
      0,
      0,
      0,
      0,
      0,
      0,
      0,
      0,
      0,
      0,
      0,
      0,
      0,
      0,
      0,
      0,
      0,
      0,
      0,
      0,
      0,
      0,
      0,
      0,
      0,
      240,
      63,
    ],
    "type": "Buffer",
  },
  "message": Record {
    "transforms": Array [
      Object {
        "child_frame_id": "turtle2",
        "header": Object {
          "frame_id": "world",
          "seq": 0,
          "stamp": Time {
            "nsec": 56065082,
            "sec": 1396293888,
          },
        },
        "transform": Object {
          "rotation": Object {
            "w": 1,
            "x": 0,
            "y": 0,
            "z": 0,
          },
          "translation": Object {
            "x": 4,
            "y": 9.088889122009277,
            "z": 0,
          },
        },
      },
    ],
  },
  "timestamp": Time {
    "nsec": 56251251,
    "sec": 1396293888,
  },
  "topic": "/tf",
  "totalChunks": 1,
}
`;
